// Jest Snapshot v1, https://goo.gl/fbAQLP

exports[`Hamburger icon snap shot test 1`] = `
"<div>
  <header class=\\"cd-header \\"><a class=\\"cd-3d-nav-trigger\\">Menu<span></span></a></header>
  <nav class=\\"cd-3d-nav-container \\">
    <ul class=\\"cd-3d-nav\\">
      <li><a class=\\"el\\" href=\\"/\\">Home</a></li>
      <li><a aria-current=\\"page\\" class=\\"el cd-selected\\" href=\\"/project\\">Project</a></li>
      <li><a class=\\"el\\" href=\\"/blog\\">Blogs</a></li>
      <li><a class=\\"el\\" href=\\"/contact\\">Contact</a></li>
    </ul><span class=\\"cd-marker color-1\\" style=\\"left: 0px;\\"></span>
  </nav>
</div>"
`;
